CRITICAL - 2025-10-09 07:44:42 --> ErrorException: Maximum execution time of 30 seconds exceeded
[Method: GET, Route: /]
in SYSTEMPATH\Debug\Exceptions.php on line 208.
 1 [internal function]: CodeIgniter\Debug\Exceptions->shutdownHandler()
ERROR - 2025-10-09 08:14:06 --> mysqli_sql_exception: Table 'db_gesid.tb_artikel' doesn't exist in C:\xampp\htdocs\newgesid\system\Database\MySQLi\Connection.php:327
Stack trace:
#0 C:\xampp\htdocs\newgesid\system\Database\MySQLi\Connection.php(327): mysqli->query()
#1 C:\xampp\htdocs\newgesid\system\Database\BaseConnection.php(738): CodeIgniter\Database\MySQLi\Connection->execute()
#2 C:\xampp\htdocs\newgesid\system\Database\BaseConnection.php(652): CodeIgniter\Database\BaseConnection->simpleQuery()
#3 C:\xampp\htdocs\newgesid\system\Database\BaseBuilder.php(1649): CodeIgniter\Database\BaseConnection->query()
#4 C:\xampp\htdocs\newgesid\system\Model.php(286): CodeIgniter\Database\BaseBuilder->get()
#5 C:\xampp\htdocs\newgesid\system\BaseModel.php(679): CodeIgniter\Model->doFindAll()
#6 C:\xampp\htdocs\newgesid\app\Controllers\Home.php(25): CodeIgniter\BaseModel->findAll()
#7 C:\xampp\htdocs\newgesid\system\CodeIgniter.php(933): App\Controllers\Home->index()
#8 C:\xampp\htdocs\newgesid\system\CodeIgniter.php(507): CodeIgniter\CodeIgniter->runController()
#9 C:\xampp\htdocs\newgesid\system\CodeIgniter.php(354): CodeIgniter\CodeIgniter->handleRequest()
#10 C:\xampp\htdocs\newgesid\system\Boot.php(334): CodeIgniter\CodeIgniter->run()
#11 C:\xampp\htdocs\newgesid\system\Boot.php(67): CodeIgniter\Boot::runCodeIgniter()
#12 C:\xampp\htdocs\newgesid\public\index.php(59): CodeIgniter\Boot::bootWeb()
#13 C:\xampp\htdocs\newgesid\system\rewrite.php(44): require_once('...')
#14 {main}
CRITICAL - 2025-10-09 08:14:06 --> CodeIgniter\Database\Exceptions\DatabaseException: Table 'db_gesid.tb_artikel' doesn't exist
[Method: GET, Route: /]
in SYSTEMPATH\Database\BaseConnection.php on line 692.
 1 SYSTEMPATH\Database\BaseBuilder.php(1649): CodeIgniter\Database\BaseConnection->query()
 2 SYSTEMPATH\Model.php(286): CodeIgniter\Database\BaseBuilder->get()
 3 SYSTEMPATH\BaseModel.php(679): CodeIgniter\Model->doFindAll()
 4 APPPATH\Controllers\Home.php(25): CodeIgniter\BaseModel->findAll()
 5 SYSTEMPATH\CodeIgniter.php(933): App\Controllers\Home->index()
 6 SYSTEMPATH\CodeIgniter.php(507): CodeIgniter\CodeIgniter->runController()
 7 SYSTEMPATH\CodeIgniter.php(354): CodeIgniter\CodeIgniter->handleRequest()
 8 SYSTEMPATH\Boot.php(334): CodeIgniter\CodeIgniter->run()
 9 SYSTEMPATH\Boot.php(67): CodeIgniter\Boot::runCodeIgniter()
10 FCPATH\index.php(59): CodeIgniter\Boot::bootWeb()
11 SYSTEMPATH\rewrite.php(44): require_once('C:\\xampp\\htdocs\\newgesid\\public\\index.php')
CRITICAL - 2025-10-09 08:14:06 --> [Caused by] CodeIgniter\Database\Exceptions\DatabaseException: Table 'db_gesid.tb_artikel' doesn't exist
in SYSTEMPATH\Database\MySQLi\Connection.php on line 332.
 1 SYSTEMPATH\Database\BaseConnection.php(738): CodeIgniter\Database\MySQLi\Connection->execute()
 2 SYSTEMPATH\Database\BaseConnection.php(652): CodeIgniter\Database\BaseConnection->simpleQuery()
 3 SYSTEMPATH\Database\BaseBuilder.php(1649): CodeIgniter\Database\BaseConnection->query()
 4 SYSTEMPATH\Model.php(286): CodeIgniter\Database\BaseBuilder->get()
 5 SYSTEMPATH\BaseModel.php(679): CodeIgniter\Model->doFindAll()
 6 APPPATH\Controllers\Home.php(25): CodeIgniter\BaseModel->findAll()
 7 SYSTEMPATH\CodeIgniter.php(933): App\Controllers\Home->index()
 8 SYSTEMPATH\CodeIgniter.php(507): CodeIgniter\CodeIgniter->runController()
 9 SYSTEMPATH\CodeIgniter.php(354): CodeIgniter\CodeIgniter->handleRequest()
10 SYSTEMPATH\Boot.php(334): CodeIgniter\CodeIgniter->run()
11 SYSTEMPATH\Boot.php(67): CodeIgniter\Boot::runCodeIgniter()
12 FCPATH\index.php(59): CodeIgniter\Boot::bootWeb()
13 SYSTEMPATH\rewrite.php(44): require_once('C:\\xampp\\htdocs\\newgesid\\public\\index.php')
CRITICAL - 2025-10-09 08:14:06 --> [Caused by] mysqli_sql_exception: Table 'db_gesid.tb_artikel' doesn't exist
in SYSTEMPATH\Database\MySQLi\Connection.php on line 327.
 1 SYSTEMPATH\Database\MySQLi\Connection.php(327): mysqli->query()
 2 SYSTEMPATH\Database\BaseConnection.php(738): CodeIgniter\Database\MySQLi\Connection->execute()
 3 SYSTEMPATH\Database\BaseConnection.php(652): CodeIgniter\Database\BaseConnection->simpleQuery()
 4 SYSTEMPATH\Database\BaseBuilder.php(1649): CodeIgniter\Database\BaseConnection->query()
 5 SYSTEMPATH\Model.php(286): CodeIgniter\Database\BaseBuilder->get()
 6 SYSTEMPATH\BaseModel.php(679): CodeIgniter\Model->doFindAll()
 7 APPPATH\Controllers\Home.php(25): CodeIgniter\BaseModel->findAll()
 8 SYSTEMPATH\CodeIgniter.php(933): App\Controllers\Home->index()
 9 SYSTEMPATH\CodeIgniter.php(507): CodeIgniter\CodeIgniter->runController()
10 SYSTEMPATH\CodeIgniter.php(354): CodeIgniter\CodeIgniter->handleRequest()
11 SYSTEMPATH\Boot.php(334): CodeIgniter\CodeIgniter->run()
12 SYSTEMPATH\Boot.php(67): CodeIgniter\Boot::runCodeIgniter()
13 FCPATH\index.php(59): CodeIgniter\Boot::bootWeb()
14 SYSTEMPATH\rewrite.php(44): require_once('C:\\xampp\\htdocs\\newgesid\\public\\index.php')
DEBUG - 2025-10-09 08:17:06 --> Session: Class initialized using 'CodeIgniter\Session\Handlers\FileHandler' driver.
DEBUG - 2025-10-09 08:17:34 --> Session: Class initialized using 'CodeIgniter\Session\Handlers\FileHandler' driver.
DEBUG - 2025-10-09 08:17:34 --> Session: Class initialized using 'CodeIgniter\Session\Handlers\FileHandler' driver.
DEBUG - 2025-10-09 08:17:38 --> Session: Class initialized using 'CodeIgniter\Session\Handlers\FileHandler' driver.
DEBUG - 2025-10-09 08:33:55 --> Session: Class initialized using 'CodeIgniter\Session\Handlers\FileHandler' driver.
DEBUG - 2025-10-09 08:38:20 --> Session: Class initialized using 'CodeIgniter\Session\Handlers\FileHandler' driver.
CRITICAL - 2025-10-09 08:38:20 --> ErrorException: Undefined array key "nama_provinsi"
[Method: GET, Route: admin/bpd/data-member]
in APPPATH\Views\admin\bpd\members\list_view.php on line 99.
 1 APPPATH\Views\admin\bpd\members\list_view.php(99): CodeIgniter\Debug\Exceptions->errorHandler()
 2 SYSTEMPATH\View\View.php(224): include('C:\\xampp\\htdocs\\newgesid\\app\\Views\\admin\\bpd\\members\\list_view.php')
 3 SYSTEMPATH\View\View.php(227): CodeIgniter\View\View->CodeIgniter\View\{closure}()
 4 SYSTEMPATH\Common.php(1173): CodeIgniter\View\View->render()
 5 APPPATH\Controllers\admin\Bpd.php(53): view()
 6 SYSTEMPATH\CodeIgniter.php(933): App\Controllers\Admin\Bpd->dataMember()
 7 SYSTEMPATH\CodeIgniter.php(507): CodeIgniter\CodeIgniter->runController()
 8 SYSTEMPATH\CodeIgniter.php(354): CodeIgniter\CodeIgniter->handleRequest()
 9 SYSTEMPATH\Boot.php(334): CodeIgniter\CodeIgniter->run()
10 SYSTEMPATH\Boot.php(67): CodeIgniter\Boot::runCodeIgniter()
11 FCPATH\index.php(59): CodeIgniter\Boot::bootWeb()
12 SYSTEMPATH\rewrite.php(44): require_once('C:\\xampp\\htdocs\\newgesid\\public\\index.php')
DEBUG - 2025-10-09 08:40:11 --> Session: Class initialized using 'CodeIgniter\Session\Handlers\FileHandler' driver.
