ERROR - 2025-10-13 13:51:22 --> Error connecting to the database: mysqli_sql_exception: No connection could be made because the target machine actively refused it in D:\KULIAH\Semester 7\Gesid\newgesid\system\Database\MySQLi\Connection.php:201
Stack trace:
#0 D:\KULIAH\Semester 7\Gesid\newgesid\system\Database\MySQLi\Connection.php(201): mysqli->real_connect('localhost', 'root', Object(SensitiveParameterValue), 'k9170490_db_ges...', 3306, '', 0)
#1 D:\KULIAH\Semester 7\Gesid\newgesid\system\Database\BaseConnection.php(421): CodeIgniter\Database\MySQLi\Connection->connect(false)
#2 D:\KULIAH\Semester 7\Gesid\newgesid\system\Database\BaseConnection.php(620): CodeIgniter\Database\BaseConnection->initialize()
#3 D:\KULIAH\Semester 7\Gesid\newgesid\system\Database\BaseBuilder.php(1649): CodeIgniter\Database\BaseConnection->query('SELECT *\nFROM `...', Array, false)
#4 D:\KULIAH\Semester 7\Gesid\newgesid\system\Model.php(286): CodeIgniter\Database\BaseBuilder->get()
#5 D:\KULIAH\Semester 7\Gesid\newgesid\system\BaseModel.php(679): CodeIgniter\Model->doFindAll(0, 0)
#6 D:\KULIAH\Semester 7\Gesid\newgesid\app\Controllers\Home.php(25): CodeIgniter\BaseModel->findAll()
#7 D:\KULIAH\Semester 7\Gesid\newgesid\system\CodeIgniter.php(933): App\Controllers\Home->index()
#8 D:\KULIAH\Semester 7\Gesid\newgesid\system\CodeIgniter.php(507): CodeIgniter\CodeIgniter->runController(Object(App\Controllers\Home))
#9 D:\KULIAH\Semester 7\Gesid\newgesid\system\CodeIgniter.php(354): CodeIgniter\CodeIgniter->handleRequest(NULL, Object(Config\Cache), false)
#10 D:\KULIAH\Semester 7\Gesid\newgesid\system\Boot.php(334): CodeIgniter\CodeIgniter->run()
#11 D:\KULIAH\Semester 7\Gesid\newgesid\system\Boot.php(67): CodeIgniter\Boot::runCodeIgniter(Object(CodeIgniter\CodeIgniter))
#12 D:\KULIAH\Semester 7\Gesid\newgesid\public\index.php(59): CodeIgniter\Boot::bootWeb(Object(Config\Paths))
#13 D:\KULIAH\Semester 7\Gesid\newgesid\system\rewrite.php(44): require_once('D:\\KULIAH\\Semes...')
#14 {main}

Next CodeIgniter\Database\Exceptions\DatabaseException: No connection could be made because the target machine actively refused it in D:\KULIAH\Semester 7\Gesid\newgesid\system\Database\MySQLi\Connection.php:246
Stack trace:
#0 D:\KULIAH\Semester 7\Gesid\newgesid\system\Database\BaseConnection.php(421): CodeIgniter\Database\MySQLi\Connection->connect(false)
#1 D:\KULIAH\Semester 7\Gesid\newgesid\system\Database\BaseConnection.php(620): CodeIgniter\Database\BaseConnection->initialize()
#2 D:\KULIAH\Semester 7\Gesid\newgesid\system\Database\BaseBuilder.php(1649): CodeIgniter\Database\BaseConnection->query('SELECT *\nFROM `...', Array, false)
#3 D:\KULIAH\Semester 7\Gesid\newgesid\system\Model.php(286): CodeIgniter\Database\BaseBuilder->get()
#4 D:\KULIAH\Semester 7\Gesid\newgesid\system\BaseModel.php(679): CodeIgniter\Model->doFindAll(0, 0)
#5 D:\KULIAH\Semester 7\Gesid\newgesid\app\Controllers\Home.php(25): CodeIgniter\BaseModel->findAll()
#6 D:\KULIAH\Semester 7\Gesid\newgesid\system\CodeIgniter.php(933): App\Controllers\Home->index()
#7 D:\KULIAH\Semester 7\Gesid\newgesid\system\CodeIgniter.php(507): CodeIgniter\CodeIgniter->runController(Object(App\Controllers\Home))
#8 D:\KULIAH\Semester 7\Gesid\newgesid\system\CodeIgniter.php(354): CodeIgniter\CodeIgniter->handleRequest(NULL, Object(Config\Cache), false)
#9 D:\KULIAH\Semester 7\Gesid\newgesid\system\Boot.php(334): CodeIgniter\CodeIgniter->run()
#10 D:\KULIAH\Semester 7\Gesid\newgesid\system\Boot.php(67): CodeIgniter\Boot::runCodeIgniter(Object(CodeIgniter\CodeIgniter))
#11 D:\KULIAH\Semester 7\Gesid\newgesid\public\index.php(59): CodeIgniter\Boot::bootWeb(Object(Config\Paths))
#12 D:\KULIAH\Semester 7\Gesid\newgesid\system\rewrite.php(44): require_once('D:\\KULIAH\\Semes...')
#13 {main}
CRITICAL - 2025-10-13 13:51:22 --> CodeIgniter\Database\Exceptions\DatabaseException: Unable to connect to the database.
Main connection [MySQLi]: No connection could be made because the target machine actively refused it
[Method: GET, Route: /]
in SYSTEMPATH\Database\BaseConnection.php on line 467.
 1 SYSTEMPATH\Database\BaseConnection.php(620): CodeIgniter\Database\BaseConnection->initialize()
 2 SYSTEMPATH\Database\BaseBuilder.php(1649): CodeIgniter\Database\BaseConnection->query('SELECT *
FROM `tb_artikel`
ORDER BY `tanggal_publikasi` DESC
 LIMIT 4', [], false)
 3 SYSTEMPATH\Model.php(286): CodeIgniter\Database\BaseBuilder->get()
 4 SYSTEMPATH\BaseModel.php(679): CodeIgniter\Model->doFindAll(0, 0)
 5 APPPATH\Controllers\Home.php(25): CodeIgniter\BaseModel->findAll()
 6 SYSTEMPATH\CodeIgniter.php(933): App\Controllers\Home->index()
 7 SYSTEMPATH\CodeIgniter.php(507): CodeIgniter\CodeIgniter->runController(Object(App\Controllers\Home))
 8 SYSTEMPATH\CodeIgniter.php(354): CodeIgniter\CodeIgniter->handleRequest(null, Object(Config\Cache), false)
 9 SYSTEMPATH\Boot.php(334): CodeIgniter\CodeIgniter->run()
10 SYSTEMPATH\Boot.php(67): CodeIgniter\Boot::runCodeIgniter(Object(CodeIgniter\CodeIgniter))
11 FCPATH\index.php(59): CodeIgniter\Boot::bootWeb(Object(Config\Paths))
12 SYSTEMPATH\rewrite.php(44): require_once('D:\\KULIAH\\Semester 7\\Gesid\\newgesid\\public\\index.php')
ERROR - 2025-10-13 13:53:00 --> Error connecting to the database: mysqli_sql_exception: No connection could be made because the target machine actively refused it in D:\KULIAH\Semester 7\Gesid\newgesid\system\Database\MySQLi\Connection.php:201
Stack trace:
#0 D:\KULIAH\Semester 7\Gesid\newgesid\system\Database\MySQLi\Connection.php(201): mysqli->real_connect('localhost', 'root', Object(SensitiveParameterValue), 'k9170490_db_ges...', 3306, '', 0)
#1 D:\KULIAH\Semester 7\Gesid\newgesid\system\Database\BaseConnection.php(421): CodeIgniter\Database\MySQLi\Connection->connect(false)
#2 D:\KULIAH\Semester 7\Gesid\newgesid\system\Database\BaseConnection.php(620): CodeIgniter\Database\BaseConnection->initialize()
#3 D:\KULIAH\Semester 7\Gesid\newgesid\system\Database\BaseBuilder.php(1649): CodeIgniter\Database\BaseConnection->query('SELECT *\nFROM `...', Array, false)
#4 D:\KULIAH\Semester 7\Gesid\newgesid\system\Model.php(286): CodeIgniter\Database\BaseBuilder->get()
#5 D:\KULIAH\Semester 7\Gesid\newgesid\system\BaseModel.php(679): CodeIgniter\Model->doFindAll(0, 0)
#6 D:\KULIAH\Semester 7\Gesid\newgesid\app\Controllers\Home.php(25): CodeIgniter\BaseModel->findAll()
#7 D:\KULIAH\Semester 7\Gesid\newgesid\system\CodeIgniter.php(933): App\Controllers\Home->index()
#8 D:\KULIAH\Semester 7\Gesid\newgesid\system\CodeIgniter.php(507): CodeIgniter\CodeIgniter->runController(Object(App\Controllers\Home))
#9 D:\KULIAH\Semester 7\Gesid\newgesid\system\CodeIgniter.php(354): CodeIgniter\CodeIgniter->handleRequest(NULL, Object(Config\Cache), false)
#10 D:\KULIAH\Semester 7\Gesid\newgesid\system\Boot.php(334): CodeIgniter\CodeIgniter->run()
#11 D:\KULIAH\Semester 7\Gesid\newgesid\system\Boot.php(67): CodeIgniter\Boot::runCodeIgniter(Object(CodeIgniter\CodeIgniter))
#12 D:\KULIAH\Semester 7\Gesid\newgesid\public\index.php(59): CodeIgniter\Boot::bootWeb(Object(Config\Paths))
#13 D:\KULIAH\Semester 7\Gesid\newgesid\system\rewrite.php(44): require_once('D:\\KULIAH\\Semes...')
#14 {main}

Next CodeIgniter\Database\Exceptions\DatabaseException: No connection could be made because the target machine actively refused it in D:\KULIAH\Semester 7\Gesid\newgesid\system\Database\MySQLi\Connection.php:246
Stack trace:
#0 D:\KULIAH\Semester 7\Gesid\newgesid\system\Database\BaseConnection.php(421): CodeIgniter\Database\MySQLi\Connection->connect(false)
#1 D:\KULIAH\Semester 7\Gesid\newgesid\system\Database\BaseConnection.php(620): CodeIgniter\Database\BaseConnection->initialize()
#2 D:\KULIAH\Semester 7\Gesid\newgesid\system\Database\BaseBuilder.php(1649): CodeIgniter\Database\BaseConnection->query('SELECT *\nFROM `...', Array, false)
#3 D:\KULIAH\Semester 7\Gesid\newgesid\system\Model.php(286): CodeIgniter\Database\BaseBuilder->get()
#4 D:\KULIAH\Semester 7\Gesid\newgesid\system\BaseModel.php(679): CodeIgniter\Model->doFindAll(0, 0)
#5 D:\KULIAH\Semester 7\Gesid\newgesid\app\Controllers\Home.php(25): CodeIgniter\BaseModel->findAll()
#6 D:\KULIAH\Semester 7\Gesid\newgesid\system\CodeIgniter.php(933): App\Controllers\Home->index()
#7 D:\KULIAH\Semester 7\Gesid\newgesid\system\CodeIgniter.php(507): CodeIgniter\CodeIgniter->runController(Object(App\Controllers\Home))
#8 D:\KULIAH\Semester 7\Gesid\newgesid\system\CodeIgniter.php(354): CodeIgniter\CodeIgniter->handleRequest(NULL, Object(Config\Cache), false)
#9 D:\KULIAH\Semester 7\Gesid\newgesid\system\Boot.php(334): CodeIgniter\CodeIgniter->run()
#10 D:\KULIAH\Semester 7\Gesid\newgesid\system\Boot.php(67): CodeIgniter\Boot::runCodeIgniter(Object(CodeIgniter\CodeIgniter))
#11 D:\KULIAH\Semester 7\Gesid\newgesid\public\index.php(59): CodeIgniter\Boot::bootWeb(Object(Config\Paths))
#12 D:\KULIAH\Semester 7\Gesid\newgesid\system\rewrite.php(44): require_once('D:\\KULIAH\\Semes...')
#13 {main}
CRITICAL - 2025-10-13 13:53:00 --> CodeIgniter\Database\Exceptions\DatabaseException: Unable to connect to the database.
Main connection [MySQLi]: No connection could be made because the target machine actively refused it
[Method: GET, Route: /]
in SYSTEMPATH\Database\BaseConnection.php on line 467.
 1 SYSTEMPATH\Database\BaseConnection.php(620): CodeIgniter\Database\BaseConnection->initialize()
 2 SYSTEMPATH\Database\BaseBuilder.php(1649): CodeIgniter\Database\BaseConnection->query('SELECT *
FROM `tb_artikel`
ORDER BY `tanggal_publikasi` DESC
 LIMIT 4', [], false)
 3 SYSTEMPATH\Model.php(286): CodeIgniter\Database\BaseBuilder->get()
 4 SYSTEMPATH\BaseModel.php(679): CodeIgniter\Model->doFindAll(0, 0)
 5 APPPATH\Controllers\Home.php(25): CodeIgniter\BaseModel->findAll()
 6 SYSTEMPATH\CodeIgniter.php(933): App\Controllers\Home->index()
 7 SYSTEMPATH\CodeIgniter.php(507): CodeIgniter\CodeIgniter->runController(Object(App\Controllers\Home))
 8 SYSTEMPATH\CodeIgniter.php(354): CodeIgniter\CodeIgniter->handleRequest(null, Object(Config\Cache), false)
 9 SYSTEMPATH\Boot.php(334): CodeIgniter\CodeIgniter->run()
10 SYSTEMPATH\Boot.php(67): CodeIgniter\Boot::runCodeIgniter(Object(CodeIgniter\CodeIgniter))
11 FCPATH\index.php(59): CodeIgniter\Boot::bootWeb(Object(Config\Paths))
12 SYSTEMPATH\rewrite.php(44): require_once('D:\\KULIAH\\Semester 7\\Gesid\\newgesid\\public\\index.php')
ERROR - 2025-10-13 13:55:19 --> Error connecting to the database: mysqli_sql_exception: Unknown database 'k9170490_db_gesid' in D:\KULIAH\Semester 7\Gesid\newgesid\system\Database\MySQLi\Connection.php:201
Stack trace:
#0 D:\KULIAH\Semester 7\Gesid\newgesid\system\Database\MySQLi\Connection.php(201): mysqli->real_connect('localhost', 'root', Object(SensitiveParameterValue), 'k9170490_db_ges...', 3306, '', 0)
#1 D:\KULIAH\Semester 7\Gesid\newgesid\system\Database\BaseConnection.php(421): CodeIgniter\Database\MySQLi\Connection->connect(false)
#2 D:\KULIAH\Semester 7\Gesid\newgesid\system\Database\BaseConnection.php(620): CodeIgniter\Database\BaseConnection->initialize()
#3 D:\KULIAH\Semester 7\Gesid\newgesid\system\Database\BaseBuilder.php(1649): CodeIgniter\Database\BaseConnection->query('SELECT *\nFROM `...', Array, false)
#4 D:\KULIAH\Semester 7\Gesid\newgesid\system\Model.php(286): CodeIgniter\Database\BaseBuilder->get()
#5 D:\KULIAH\Semester 7\Gesid\newgesid\system\BaseModel.php(679): CodeIgniter\Model->doFindAll(0, 0)
#6 D:\KULIAH\Semester 7\Gesid\newgesid\app\Controllers\Home.php(25): CodeIgniter\BaseModel->findAll()
#7 D:\KULIAH\Semester 7\Gesid\newgesid\system\CodeIgniter.php(933): App\Controllers\Home->index()
#8 D:\KULIAH\Semester 7\Gesid\newgesid\system\CodeIgniter.php(507): CodeIgniter\CodeIgniter->runController(Object(App\Controllers\Home))
#9 D:\KULIAH\Semester 7\Gesid\newgesid\system\CodeIgniter.php(354): CodeIgniter\CodeIgniter->handleRequest(NULL, Object(Config\Cache), false)
#10 D:\KULIAH\Semester 7\Gesid\newgesid\system\Boot.php(334): CodeIgniter\CodeIgniter->run()
#11 D:\KULIAH\Semester 7\Gesid\newgesid\system\Boot.php(67): CodeIgniter\Boot::runCodeIgniter(Object(CodeIgniter\CodeIgniter))
#12 D:\KULIAH\Semester 7\Gesid\newgesid\public\index.php(59): CodeIgniter\Boot::bootWeb(Object(Config\Paths))
#13 D:\KULIAH\Semester 7\Gesid\newgesid\system\rewrite.php(44): require_once('D:\\KULIAH\\Semes...')
#14 {main}

Next CodeIgniter\Database\Exceptions\DatabaseException: Unknown database 'k9170490_db_gesid' in D:\KULIAH\Semester 7\Gesid\newgesid\system\Database\MySQLi\Connection.php:246
Stack trace:
#0 D:\KULIAH\Semester 7\Gesid\newgesid\system\Database\BaseConnection.php(421): CodeIgniter\Database\MySQLi\Connection->connect(false)
#1 D:\KULIAH\Semester 7\Gesid\newgesid\system\Database\BaseConnection.php(620): CodeIgniter\Database\BaseConnection->initialize()
#2 D:\KULIAH\Semester 7\Gesid\newgesid\system\Database\BaseBuilder.php(1649): CodeIgniter\Database\BaseConnection->query('SELECT *\nFROM `...', Array, false)
#3 D:\KULIAH\Semester 7\Gesid\newgesid\system\Model.php(286): CodeIgniter\Database\BaseBuilder->get()
#4 D:\KULIAH\Semester 7\Gesid\newgesid\system\BaseModel.php(679): CodeIgniter\Model->doFindAll(0, 0)
#5 D:\KULIAH\Semester 7\Gesid\newgesid\app\Controllers\Home.php(25): CodeIgniter\BaseModel->findAll()
#6 D:\KULIAH\Semester 7\Gesid\newgesid\system\CodeIgniter.php(933): App\Controllers\Home->index()
#7 D:\KULIAH\Semester 7\Gesid\newgesid\system\CodeIgniter.php(507): CodeIgniter\CodeIgniter->runController(Object(App\Controllers\Home))
#8 D:\KULIAH\Semester 7\Gesid\newgesid\system\CodeIgniter.php(354): CodeIgniter\CodeIgniter->handleRequest(NULL, Object(Config\Cache), false)
#9 D:\KULIAH\Semester 7\Gesid\newgesid\system\Boot.php(334): CodeIgniter\CodeIgniter->run()
#10 D:\KULIAH\Semester 7\Gesid\newgesid\system\Boot.php(67): CodeIgniter\Boot::runCodeIgniter(Object(CodeIgniter\CodeIgniter))
#11 D:\KULIAH\Semester 7\Gesid\newgesid\public\index.php(59): CodeIgniter\Boot::bootWeb(Object(Config\Paths))
#12 D:\KULIAH\Semester 7\Gesid\newgesid\system\rewrite.php(44): require_once('D:\\KULIAH\\Semes...')
#13 {main}
CRITICAL - 2025-10-13 13:55:19 --> CodeIgniter\Database\Exceptions\DatabaseException: Unable to connect to the database.
Main connection [MySQLi]: Unknown database 'k9170490_db_gesid'
[Method: GET, Route: /]
in SYSTEMPATH\Database\BaseConnection.php on line 467.
 1 SYSTEMPATH\Database\BaseConnection.php(620): CodeIgniter\Database\BaseConnection->initialize()
 2 SYSTEMPATH\Database\BaseBuilder.php(1649): CodeIgniter\Database\BaseConnection->query('SELECT *
FROM `tb_artikel`
ORDER BY `tanggal_publikasi` DESC
 LIMIT 4', [], false)
 3 SYSTEMPATH\Model.php(286): CodeIgniter\Database\BaseBuilder->get()
 4 SYSTEMPATH\BaseModel.php(679): CodeIgniter\Model->doFindAll(0, 0)
 5 APPPATH\Controllers\Home.php(25): CodeIgniter\BaseModel->findAll()
 6 SYSTEMPATH\CodeIgniter.php(933): App\Controllers\Home->index()
 7 SYSTEMPATH\CodeIgniter.php(507): CodeIgniter\CodeIgniter->runController(Object(App\Controllers\Home))
 8 SYSTEMPATH\CodeIgniter.php(354): CodeIgniter\CodeIgniter->handleRequest(null, Object(Config\Cache), false)
 9 SYSTEMPATH\Boot.php(334): CodeIgniter\CodeIgniter->run()
10 SYSTEMPATH\Boot.php(67): CodeIgniter\Boot::runCodeIgniter(Object(CodeIgniter\CodeIgniter))
11 FCPATH\index.php(59): CodeIgniter\Boot::bootWeb(Object(Config\Paths))
12 SYSTEMPATH\rewrite.php(44): require_once('D:\\KULIAH\\Semester 7\\Gesid\\newgesid\\public\\index.php')
ERROR - 2025-10-13 13:56:23 --> Error connecting to the database: mysqli_sql_exception: Unknown database 'k9170490_db_gesid' in D:\KULIAH\Semester 7\Gesid\newgesid\system\Database\MySQLi\Connection.php:201
Stack trace:
#0 D:\KULIAH\Semester 7\Gesid\newgesid\system\Database\MySQLi\Connection.php(201): mysqli->real_connect('localhost', 'root', Object(SensitiveParameterValue), 'k9170490_db_ges...', 3306, '', 0)
#1 D:\KULIAH\Semester 7\Gesid\newgesid\system\Database\BaseConnection.php(421): CodeIgniter\Database\MySQLi\Connection->connect(false)
#2 D:\KULIAH\Semester 7\Gesid\newgesid\system\Database\BaseConnection.php(620): CodeIgniter\Database\BaseConnection->initialize()
#3 D:\KULIAH\Semester 7\Gesid\newgesid\system\Database\BaseBuilder.php(1649): CodeIgniter\Database\BaseConnection->query('SELECT *\nFROM `...', Array, false)
#4 D:\KULIAH\Semester 7\Gesid\newgesid\system\Model.php(286): CodeIgniter\Database\BaseBuilder->get()
#5 D:\KULIAH\Semester 7\Gesid\newgesid\system\BaseModel.php(679): CodeIgniter\Model->doFindAll(0, 0)
#6 D:\KULIAH\Semester 7\Gesid\newgesid\app\Controllers\Home.php(25): CodeIgniter\BaseModel->findAll()
#7 D:\KULIAH\Semester 7\Gesid\newgesid\system\CodeIgniter.php(933): App\Controllers\Home->index()
#8 D:\KULIAH\Semester 7\Gesid\newgesid\system\CodeIgniter.php(507): CodeIgniter\CodeIgniter->runController(Object(App\Controllers\Home))
#9 D:\KULIAH\Semester 7\Gesid\newgesid\system\CodeIgniter.php(354): CodeIgniter\CodeIgniter->handleRequest(NULL, Object(Config\Cache), false)
#10 D:\KULIAH\Semester 7\Gesid\newgesid\system\Boot.php(334): CodeIgniter\CodeIgniter->run()
#11 D:\KULIAH\Semester 7\Gesid\newgesid\system\Boot.php(67): CodeIgniter\Boot::runCodeIgniter(Object(CodeIgniter\CodeIgniter))
#12 D:\KULIAH\Semester 7\Gesid\newgesid\public\index.php(59): CodeIgniter\Boot::bootWeb(Object(Config\Paths))
#13 D:\KULIAH\Semester 7\Gesid\newgesid\system\rewrite.php(44): require_once('D:\\KULIAH\\Semes...')
#14 {main}

Next CodeIgniter\Database\Exceptions\DatabaseException: Unknown database 'k9170490_db_gesid' in D:\KULIAH\Semester 7\Gesid\newgesid\system\Database\MySQLi\Connection.php:246
Stack trace:
#0 D:\KULIAH\Semester 7\Gesid\newgesid\system\Database\BaseConnection.php(421): CodeIgniter\Database\MySQLi\Connection->connect(false)
#1 D:\KULIAH\Semester 7\Gesid\newgesid\system\Database\BaseConnection.php(620): CodeIgniter\Database\BaseConnection->initialize()
#2 D:\KULIAH\Semester 7\Gesid\newgesid\system\Database\BaseBuilder.php(1649): CodeIgniter\Database\BaseConnection->query('SELECT *\nFROM `...', Array, false)
#3 D:\KULIAH\Semester 7\Gesid\newgesid\system\Model.php(286): CodeIgniter\Database\BaseBuilder->get()
#4 D:\KULIAH\Semester 7\Gesid\newgesid\system\BaseModel.php(679): CodeIgniter\Model->doFindAll(0, 0)
#5 D:\KULIAH\Semester 7\Gesid\newgesid\app\Controllers\Home.php(25): CodeIgniter\BaseModel->findAll()
#6 D:\KULIAH\Semester 7\Gesid\newgesid\system\CodeIgniter.php(933): App\Controllers\Home->index()
#7 D:\KULIAH\Semester 7\Gesid\newgesid\system\CodeIgniter.php(507): CodeIgniter\CodeIgniter->runController(Object(App\Controllers\Home))
#8 D:\KULIAH\Semester 7\Gesid\newgesid\system\CodeIgniter.php(354): CodeIgniter\CodeIgniter->handleRequest(NULL, Object(Config\Cache), false)
#9 D:\KULIAH\Semester 7\Gesid\newgesid\system\Boot.php(334): CodeIgniter\CodeIgniter->run()
#10 D:\KULIAH\Semester 7\Gesid\newgesid\system\Boot.php(67): CodeIgniter\Boot::runCodeIgniter(Object(CodeIgniter\CodeIgniter))
#11 D:\KULIAH\Semester 7\Gesid\newgesid\public\index.php(59): CodeIgniter\Boot::bootWeb(Object(Config\Paths))
#12 D:\KULIAH\Semester 7\Gesid\newgesid\system\rewrite.php(44): require_once('D:\\KULIAH\\Semes...')
#13 {main}
CRITICAL - 2025-10-13 13:56:23 --> CodeIgniter\Database\Exceptions\DatabaseException: Unable to connect to the database.
Main connection [MySQLi]: Unknown database 'k9170490_db_gesid'
[Method: GET, Route: /]
in SYSTEMPATH\Database\BaseConnection.php on line 467.
 1 SYSTEMPATH\Database\BaseConnection.php(620): CodeIgniter\Database\BaseConnection->initialize()
 2 SYSTEMPATH\Database\BaseBuilder.php(1649): CodeIgniter\Database\BaseConnection->query('SELECT *
FROM `tb_artikel`
ORDER BY `tanggal_publikasi` DESC
 LIMIT 4', [], false)
 3 SYSTEMPATH\Model.php(286): CodeIgniter\Database\BaseBuilder->get()
 4 SYSTEMPATH\BaseModel.php(679): CodeIgniter\Model->doFindAll(0, 0)
 5 APPPATH\Controllers\Home.php(25): CodeIgniter\BaseModel->findAll()
 6 SYSTEMPATH\CodeIgniter.php(933): App\Controllers\Home->index()
 7 SYSTEMPATH\CodeIgniter.php(507): CodeIgniter\CodeIgniter->runController(Object(App\Controllers\Home))
 8 SYSTEMPATH\CodeIgniter.php(354): CodeIgniter\CodeIgniter->handleRequest(null, Object(Config\Cache), false)
 9 SYSTEMPATH\Boot.php(334): CodeIgniter\CodeIgniter->run()
10 SYSTEMPATH\Boot.php(67): CodeIgniter\Boot::runCodeIgniter(Object(CodeIgniter\CodeIgniter))
11 FCPATH\index.php(59): CodeIgniter\Boot::bootWeb(Object(Config\Paths))
12 SYSTEMPATH\rewrite.php(44): require_once('D:\\KULIAH\\Semester 7\\Gesid\\newgesid\\public\\index.php')
ERROR - 2025-10-13 13:57:47 --> Error connecting to the database: mysqli_sql_exception: Unknown database 'k9170490_db_gesid' in D:\KULIAH\Semester 7\Gesid\newgesid\system\Database\MySQLi\Connection.php:201
Stack trace:
#0 D:\KULIAH\Semester 7\Gesid\newgesid\system\Database\MySQLi\Connection.php(201): mysqli->real_connect('localhost', 'root', Object(SensitiveParameterValue), 'k9170490_db_ges...', 3306, '', 0)
#1 D:\KULIAH\Semester 7\Gesid\newgesid\system\Database\BaseConnection.php(421): CodeIgniter\Database\MySQLi\Connection->connect(false)
#2 D:\KULIAH\Semester 7\Gesid\newgesid\system\Database\BaseConnection.php(620): CodeIgniter\Database\BaseConnection->initialize()
#3 D:\KULIAH\Semester 7\Gesid\newgesid\system\Database\BaseBuilder.php(1649): CodeIgniter\Database\BaseConnection->query('SELECT *\nFROM `...', Array, false)
#4 D:\KULIAH\Semester 7\Gesid\newgesid\system\Model.php(286): CodeIgniter\Database\BaseBuilder->get()
#5 D:\KULIAH\Semester 7\Gesid\newgesid\system\BaseModel.php(679): CodeIgniter\Model->doFindAll(0, 0)
#6 D:\KULIAH\Semester 7\Gesid\newgesid\app\Controllers\Home.php(25): CodeIgniter\BaseModel->findAll()
#7 D:\KULIAH\Semester 7\Gesid\newgesid\system\CodeIgniter.php(933): App\Controllers\Home->index()
#8 D:\KULIAH\Semester 7\Gesid\newgesid\system\CodeIgniter.php(507): CodeIgniter\CodeIgniter->runController(Object(App\Controllers\Home))
#9 D:\KULIAH\Semester 7\Gesid\newgesid\system\CodeIgniter.php(354): CodeIgniter\CodeIgniter->handleRequest(NULL, Object(Config\Cache), false)
#10 D:\KULIAH\Semester 7\Gesid\newgesid\system\Boot.php(334): CodeIgniter\CodeIgniter->run()
#11 D:\KULIAH\Semester 7\Gesid\newgesid\system\Boot.php(67): CodeIgniter\Boot::runCodeIgniter(Object(CodeIgniter\CodeIgniter))
#12 D:\KULIAH\Semester 7\Gesid\newgesid\public\index.php(59): CodeIgniter\Boot::bootWeb(Object(Config\Paths))
#13 D:\KULIAH\Semester 7\Gesid\newgesid\system\rewrite.php(44): require_once('D:\\KULIAH\\Semes...')
#14 {main}

Next CodeIgniter\Database\Exceptions\DatabaseException: Unknown database 'k9170490_db_gesid' in D:\KULIAH\Semester 7\Gesid\newgesid\system\Database\MySQLi\Connection.php:246
Stack trace:
#0 D:\KULIAH\Semester 7\Gesid\newgesid\system\Database\BaseConnection.php(421): CodeIgniter\Database\MySQLi\Connection->connect(false)
#1 D:\KULIAH\Semester 7\Gesid\newgesid\system\Database\BaseConnection.php(620): CodeIgniter\Database\BaseConnection->initialize()
#2 D:\KULIAH\Semester 7\Gesid\newgesid\system\Database\BaseBuilder.php(1649): CodeIgniter\Database\BaseConnection->query('SELECT *\nFROM `...', Array, false)
#3 D:\KULIAH\Semester 7\Gesid\newgesid\system\Model.php(286): CodeIgniter\Database\BaseBuilder->get()
#4 D:\KULIAH\Semester 7\Gesid\newgesid\system\BaseModel.php(679): CodeIgniter\Model->doFindAll(0, 0)
#5 D:\KULIAH\Semester 7\Gesid\newgesid\app\Controllers\Home.php(25): CodeIgniter\BaseModel->findAll()
#6 D:\KULIAH\Semester 7\Gesid\newgesid\system\CodeIgniter.php(933): App\Controllers\Home->index()
#7 D:\KULIAH\Semester 7\Gesid\newgesid\system\CodeIgniter.php(507): CodeIgniter\CodeIgniter->runController(Object(App\Controllers\Home))
#8 D:\KULIAH\Semester 7\Gesid\newgesid\system\CodeIgniter.php(354): CodeIgniter\CodeIgniter->handleRequest(NULL, Object(Config\Cache), false)
#9 D:\KULIAH\Semester 7\Gesid\newgesid\system\Boot.php(334): CodeIgniter\CodeIgniter->run()
#10 D:\KULIAH\Semester 7\Gesid\newgesid\system\Boot.php(67): CodeIgniter\Boot::runCodeIgniter(Object(CodeIgniter\CodeIgniter))
#11 D:\KULIAH\Semester 7\Gesid\newgesid\public\index.php(59): CodeIgniter\Boot::bootWeb(Object(Config\Paths))
#12 D:\KULIAH\Semester 7\Gesid\newgesid\system\rewrite.php(44): require_once('D:\\KULIAH\\Semes...')
#13 {main}
CRITICAL - 2025-10-13 13:57:47 --> CodeIgniter\Database\Exceptions\DatabaseException: Unable to connect to the database.
Main connection [MySQLi]: Unknown database 'k9170490_db_gesid'
[Method: GET, Route: /]
in SYSTEMPATH\Database\BaseConnection.php on line 467.
 1 SYSTEMPATH\Database\BaseConnection.php(620): CodeIgniter\Database\BaseConnection->initialize()
 2 SYSTEMPATH\Database\BaseBuilder.php(1649): CodeIgniter\Database\BaseConnection->query('SELECT *
FROM `tb_artikel`
ORDER BY `tanggal_publikasi` DESC
 LIMIT 4', [], false)
 3 SYSTEMPATH\Model.php(286): CodeIgniter\Database\BaseBuilder->get()
 4 SYSTEMPATH\BaseModel.php(679): CodeIgniter\Model->doFindAll(0, 0)
 5 APPPATH\Controllers\Home.php(25): CodeIgniter\BaseModel->findAll()
 6 SYSTEMPATH\CodeIgniter.php(933): App\Controllers\Home->index()
 7 SYSTEMPATH\CodeIgniter.php(507): CodeIgniter\CodeIgniter->runController(Object(App\Controllers\Home))
 8 SYSTEMPATH\CodeIgniter.php(354): CodeIgniter\CodeIgniter->handleRequest(null, Object(Config\Cache), false)
 9 SYSTEMPATH\Boot.php(334): CodeIgniter\CodeIgniter->run()
10 SYSTEMPATH\Boot.php(67): CodeIgniter\Boot::runCodeIgniter(Object(CodeIgniter\CodeIgniter))
11 FCPATH\index.php(59): CodeIgniter\Boot::bootWeb(Object(Config\Paths))
12 SYSTEMPATH\rewrite.php(44): require_once('D:\\KULIAH\\Semester 7\\Gesid\\newgesid\\public\\index.php')
ERROR - 2025-10-13 13:57:49 --> Error connecting to the database: mysqli_sql_exception: Unknown database 'k9170490_db_gesid' in D:\KULIAH\Semester 7\Gesid\newgesid\system\Database\MySQLi\Connection.php:201
Stack trace:
#0 D:\KULIAH\Semester 7\Gesid\newgesid\system\Database\MySQLi\Connection.php(201): mysqli->real_connect('localhost', 'root', Object(SensitiveParameterValue), 'k9170490_db_ges...', 3306, '', 0)
#1 D:\KULIAH\Semester 7\Gesid\newgesid\system\Database\BaseConnection.php(421): CodeIgniter\Database\MySQLi\Connection->connect(false)
#2 D:\KULIAH\Semester 7\Gesid\newgesid\system\Database\BaseConnection.php(620): CodeIgniter\Database\BaseConnection->initialize()
#3 D:\KULIAH\Semester 7\Gesid\newgesid\system\Database\BaseBuilder.php(1649): CodeIgniter\Database\BaseConnection->query('SELECT *\nFROM `...', Array, false)
#4 D:\KULIAH\Semester 7\Gesid\newgesid\system\Model.php(286): CodeIgniter\Database\BaseBuilder->get()
#5 D:\KULIAH\Semester 7\Gesid\newgesid\system\BaseModel.php(679): CodeIgniter\Model->doFindAll(0, 0)
#6 D:\KULIAH\Semester 7\Gesid\newgesid\app\Controllers\Home.php(25): CodeIgniter\BaseModel->findAll()
#7 D:\KULIAH\Semester 7\Gesid\newgesid\system\CodeIgniter.php(933): App\Controllers\Home->index()
#8 D:\KULIAH\Semester 7\Gesid\newgesid\system\CodeIgniter.php(507): CodeIgniter\CodeIgniter->runController(Object(App\Controllers\Home))
#9 D:\KULIAH\Semester 7\Gesid\newgesid\system\CodeIgniter.php(354): CodeIgniter\CodeIgniter->handleRequest(NULL, Object(Config\Cache), false)
#10 D:\KULIAH\Semester 7\Gesid\newgesid\system\Boot.php(334): CodeIgniter\CodeIgniter->run()
#11 D:\KULIAH\Semester 7\Gesid\newgesid\system\Boot.php(67): CodeIgniter\Boot::runCodeIgniter(Object(CodeIgniter\CodeIgniter))
#12 D:\KULIAH\Semester 7\Gesid\newgesid\public\index.php(59): CodeIgniter\Boot::bootWeb(Object(Config\Paths))
#13 D:\KULIAH\Semester 7\Gesid\newgesid\system\rewrite.php(44): require_once('D:\\KULIAH\\Semes...')
#14 {main}

Next CodeIgniter\Database\Exceptions\DatabaseException: Unknown database 'k9170490_db_gesid' in D:\KULIAH\Semester 7\Gesid\newgesid\system\Database\MySQLi\Connection.php:246
Stack trace:
#0 D:\KULIAH\Semester 7\Gesid\newgesid\system\Database\BaseConnection.php(421): CodeIgniter\Database\MySQLi\Connection->connect(false)
#1 D:\KULIAH\Semester 7\Gesid\newgesid\system\Database\BaseConnection.php(620): CodeIgniter\Database\BaseConnection->initialize()
#2 D:\KULIAH\Semester 7\Gesid\newgesid\system\Database\BaseBuilder.php(1649): CodeIgniter\Database\BaseConnection->query('SELECT *\nFROM `...', Array, false)
#3 D:\KULIAH\Semester 7\Gesid\newgesid\system\Model.php(286): CodeIgniter\Database\BaseBuilder->get()
#4 D:\KULIAH\Semester 7\Gesid\newgesid\system\BaseModel.php(679): CodeIgniter\Model->doFindAll(0, 0)
#5 D:\KULIAH\Semester 7\Gesid\newgesid\app\Controllers\Home.php(25): CodeIgniter\BaseModel->findAll()
#6 D:\KULIAH\Semester 7\Gesid\newgesid\system\CodeIgniter.php(933): App\Controllers\Home->index()
#7 D:\KULIAH\Semester 7\Gesid\newgesid\system\CodeIgniter.php(507): CodeIgniter\CodeIgniter->runController(Object(App\Controllers\Home))
#8 D:\KULIAH\Semester 7\Gesid\newgesid\system\CodeIgniter.php(354): CodeIgniter\CodeIgniter->handleRequest(NULL, Object(Config\Cache), false)
#9 D:\KULIAH\Semester 7\Gesid\newgesid\system\Boot.php(334): CodeIgniter\CodeIgniter->run()
#10 D:\KULIAH\Semester 7\Gesid\newgesid\system\Boot.php(67): CodeIgniter\Boot::runCodeIgniter(Object(CodeIgniter\CodeIgniter))
#11 D:\KULIAH\Semester 7\Gesid\newgesid\public\index.php(59): CodeIgniter\Boot::bootWeb(Object(Config\Paths))
#12 D:\KULIAH\Semester 7\Gesid\newgesid\system\rewrite.php(44): require_once('D:\\KULIAH\\Semes...')
#13 {main}
CRITICAL - 2025-10-13 13:57:49 --> CodeIgniter\Database\Exceptions\DatabaseException: Unable to connect to the database.
Main connection [MySQLi]: Unknown database 'k9170490_db_gesid'
[Method: GET, Route: /]
in SYSTEMPATH\Database\BaseConnection.php on line 467.
 1 SYSTEMPATH\Database\BaseConnection.php(620): CodeIgniter\Database\BaseConnection->initialize()
 2 SYSTEMPATH\Database\BaseBuilder.php(1649): CodeIgniter\Database\BaseConnection->query('SELECT *
FROM `tb_artikel`
ORDER BY `tanggal_publikasi` DESC
 LIMIT 4', [], false)
 3 SYSTEMPATH\Model.php(286): CodeIgniter\Database\BaseBuilder->get()
 4 SYSTEMPATH\BaseModel.php(679): CodeIgniter\Model->doFindAll(0, 0)
 5 APPPATH\Controllers\Home.php(25): CodeIgniter\BaseModel->findAll()
 6 SYSTEMPATH\CodeIgniter.php(933): App\Controllers\Home->index()
 7 SYSTEMPATH\CodeIgniter.php(507): CodeIgniter\CodeIgniter->runController(Object(App\Controllers\Home))
 8 SYSTEMPATH\CodeIgniter.php(354): CodeIgniter\CodeIgniter->handleRequest(null, Object(Config\Cache), false)
 9 SYSTEMPATH\Boot.php(334): CodeIgniter\CodeIgniter->run()
10 SYSTEMPATH\Boot.php(67): CodeIgniter\Boot::runCodeIgniter(Object(CodeIgniter\CodeIgniter))
11 FCPATH\index.php(59): CodeIgniter\Boot::bootWeb(Object(Config\Paths))
12 SYSTEMPATH\rewrite.php(44): require_once('D:\\KULIAH\\Semester 7\\Gesid\\newgesid\\public\\index.php')
ERROR - 2025-10-13 13:58:53 --> Error connecting to the database: mysqli_sql_exception: Unknown database 'k9170490_db_gesid' in D:\KULIAH\Semester 7\Gesid\newgesid\system\Database\MySQLi\Connection.php:201
Stack trace:
#0 D:\KULIAH\Semester 7\Gesid\newgesid\system\Database\MySQLi\Connection.php(201): mysqli->real_connect('localhost', 'root', Object(SensitiveParameterValue), 'k9170490_db_ges...', 3306, '', 0)
#1 D:\KULIAH\Semester 7\Gesid\newgesid\system\Database\BaseConnection.php(421): CodeIgniter\Database\MySQLi\Connection->connect(false)
#2 D:\KULIAH\Semester 7\Gesid\newgesid\system\Database\BaseConnection.php(620): CodeIgniter\Database\BaseConnection->initialize()
#3 D:\KULIAH\Semester 7\Gesid\newgesid\system\Database\BaseBuilder.php(1649): CodeIgniter\Database\BaseConnection->query('SELECT *\nFROM `...', Array, false)
#4 D:\KULIAH\Semester 7\Gesid\newgesid\system\Model.php(286): CodeIgniter\Database\BaseBuilder->get()
#5 D:\KULIAH\Semester 7\Gesid\newgesid\system\BaseModel.php(679): CodeIgniter\Model->doFindAll(0, 0)
#6 D:\KULIAH\Semester 7\Gesid\newgesid\app\Controllers\Home.php(25): CodeIgniter\BaseModel->findAll()
#7 D:\KULIAH\Semester 7\Gesid\newgesid\system\CodeIgniter.php(933): App\Controllers\Home->index()
#8 D:\KULIAH\Semester 7\Gesid\newgesid\system\CodeIgniter.php(507): CodeIgniter\CodeIgniter->runController(Object(App\Controllers\Home))
#9 D:\KULIAH\Semester 7\Gesid\newgesid\system\CodeIgniter.php(354): CodeIgniter\CodeIgniter->handleRequest(NULL, Object(Config\Cache), false)
#10 D:\KULIAH\Semester 7\Gesid\newgesid\system\Boot.php(334): CodeIgniter\CodeIgniter->run()
#11 D:\KULIAH\Semester 7\Gesid\newgesid\system\Boot.php(67): CodeIgniter\Boot::runCodeIgniter(Object(CodeIgniter\CodeIgniter))
#12 D:\KULIAH\Semester 7\Gesid\newgesid\public\index.php(59): CodeIgniter\Boot::bootWeb(Object(Config\Paths))
#13 D:\KULIAH\Semester 7\Gesid\newgesid\system\rewrite.php(44): require_once('D:\\KULIAH\\Semes...')
#14 {main}

Next CodeIgniter\Database\Exceptions\DatabaseException: Unknown database 'k9170490_db_gesid' in D:\KULIAH\Semester 7\Gesid\newgesid\system\Database\MySQLi\Connection.php:246
Stack trace:
#0 D:\KULIAH\Semester 7\Gesid\newgesid\system\Database\BaseConnection.php(421): CodeIgniter\Database\MySQLi\Connection->connect(false)
#1 D:\KULIAH\Semester 7\Gesid\newgesid\system\Database\BaseConnection.php(620): CodeIgniter\Database\BaseConnection->initialize()
#2 D:\KULIAH\Semester 7\Gesid\newgesid\system\Database\BaseBuilder.php(1649): CodeIgniter\Database\BaseConnection->query('SELECT *\nFROM `...', Array, false)
#3 D:\KULIAH\Semester 7\Gesid\newgesid\system\Model.php(286): CodeIgniter\Database\BaseBuilder->get()
#4 D:\KULIAH\Semester 7\Gesid\newgesid\system\BaseModel.php(679): CodeIgniter\Model->doFindAll(0, 0)
#5 D:\KULIAH\Semester 7\Gesid\newgesid\app\Controllers\Home.php(25): CodeIgniter\BaseModel->findAll()
#6 D:\KULIAH\Semester 7\Gesid\newgesid\system\CodeIgniter.php(933): App\Controllers\Home->index()
#7 D:\KULIAH\Semester 7\Gesid\newgesid\system\CodeIgniter.php(507): CodeIgniter\CodeIgniter->runController(Object(App\Controllers\Home))
#8 D:\KULIAH\Semester 7\Gesid\newgesid\system\CodeIgniter.php(354): CodeIgniter\CodeIgniter->handleRequest(NULL, Object(Config\Cache), false)
#9 D:\KULIAH\Semester 7\Gesid\newgesid\system\Boot.php(334): CodeIgniter\CodeIgniter->run()
#10 D:\KULIAH\Semester 7\Gesid\newgesid\system\Boot.php(67): CodeIgniter\Boot::runCodeIgniter(Object(CodeIgniter\CodeIgniter))
#11 D:\KULIAH\Semester 7\Gesid\newgesid\public\index.php(59): CodeIgniter\Boot::bootWeb(Object(Config\Paths))
#12 D:\KULIAH\Semester 7\Gesid\newgesid\system\rewrite.php(44): require_once('D:\\KULIAH\\Semes...')
#13 {main}
CRITICAL - 2025-10-13 13:58:53 --> CodeIgniter\Database\Exceptions\DatabaseException: Unable to connect to the database.
Main connection [MySQLi]: Unknown database 'k9170490_db_gesid'
[Method: GET, Route: /]
in SYSTEMPATH\Database\BaseConnection.php on line 467.
 1 SYSTEMPATH\Database\BaseConnection.php(620): CodeIgniter\Database\BaseConnection->initialize()
 2 SYSTEMPATH\Database\BaseBuilder.php(1649): CodeIgniter\Database\BaseConnection->query('SELECT *
FROM `tb_artikel`
ORDER BY `tanggal_publikasi` DESC
 LIMIT 4', [], false)
 3 SYSTEMPATH\Model.php(286): CodeIgniter\Database\BaseBuilder->get()
 4 SYSTEMPATH\BaseModel.php(679): CodeIgniter\Model->doFindAll(0, 0)
 5 APPPATH\Controllers\Home.php(25): CodeIgniter\BaseModel->findAll()
 6 SYSTEMPATH\CodeIgniter.php(933): App\Controllers\Home->index()
 7 SYSTEMPATH\CodeIgniter.php(507): CodeIgniter\CodeIgniter->runController(Object(App\Controllers\Home))
 8 SYSTEMPATH\CodeIgniter.php(354): CodeIgniter\CodeIgniter->handleRequest(null, Object(Config\Cache), false)
 9 SYSTEMPATH\Boot.php(334): CodeIgniter\CodeIgniter->run()
10 SYSTEMPATH\Boot.php(67): CodeIgniter\Boot::runCodeIgniter(Object(CodeIgniter\CodeIgniter))
11 FCPATH\index.php(59): CodeIgniter\Boot::bootWeb(Object(Config\Paths))
12 SYSTEMPATH\rewrite.php(44): require_once('D:\\KULIAH\\Semester 7\\Gesid\\newgesid\\public\\index.php')
ERROR - 2025-10-13 13:59:32 --> Error connecting to the database: mysqli_sql_exception: Unknown database 'k9170490_db_gesid' in D:\KULIAH\Semester 7\Gesid\newgesid\system\Database\MySQLi\Connection.php:201
Stack trace:
#0 D:\KULIAH\Semester 7\Gesid\newgesid\system\Database\MySQLi\Connection.php(201): mysqli->real_connect('localhost', 'root', Object(SensitiveParameterValue), 'k9170490_db_ges...', 3306, '', 0)
#1 D:\KULIAH\Semester 7\Gesid\newgesid\system\Database\BaseConnection.php(421): CodeIgniter\Database\MySQLi\Connection->connect(false)
#2 D:\KULIAH\Semester 7\Gesid\newgesid\system\Database\BaseConnection.php(620): CodeIgniter\Database\BaseConnection->initialize()
#3 D:\KULIAH\Semester 7\Gesid\newgesid\system\Database\BaseBuilder.php(1649): CodeIgniter\Database\BaseConnection->query('SELECT *\nFROM `...', Array, false)
#4 D:\KULIAH\Semester 7\Gesid\newgesid\system\Model.php(286): CodeIgniter\Database\BaseBuilder->get()
#5 D:\KULIAH\Semester 7\Gesid\newgesid\system\BaseModel.php(679): CodeIgniter\Model->doFindAll(0, 0)
#6 D:\KULIAH\Semester 7\Gesid\newgesid\app\Controllers\Home.php(25): CodeIgniter\BaseModel->findAll()
#7 D:\KULIAH\Semester 7\Gesid\newgesid\system\CodeIgniter.php(933): App\Controllers\Home->index()
#8 D:\KULIAH\Semester 7\Gesid\newgesid\system\CodeIgniter.php(507): CodeIgniter\CodeIgniter->runController(Object(App\Controllers\Home))
#9 D:\KULIAH\Semester 7\Gesid\newgesid\system\CodeIgniter.php(354): CodeIgniter\CodeIgniter->handleRequest(NULL, Object(Config\Cache), false)
#10 D:\KULIAH\Semester 7\Gesid\newgesid\system\Boot.php(334): CodeIgniter\CodeIgniter->run()
#11 D:\KULIAH\Semester 7\Gesid\newgesid\system\Boot.php(67): CodeIgniter\Boot::runCodeIgniter(Object(CodeIgniter\CodeIgniter))
#12 D:\KULIAH\Semester 7\Gesid\newgesid\public\index.php(59): CodeIgniter\Boot::bootWeb(Object(Config\Paths))
#13 D:\KULIAH\Semester 7\Gesid\newgesid\system\rewrite.php(44): require_once('D:\\KULIAH\\Semes...')
#14 {main}

Next CodeIgniter\Database\Exceptions\DatabaseException: Unknown database 'k9170490_db_gesid' in D:\KULIAH\Semester 7\Gesid\newgesid\system\Database\MySQLi\Connection.php:246
Stack trace:
#0 D:\KULIAH\Semester 7\Gesid\newgesid\system\Database\BaseConnection.php(421): CodeIgniter\Database\MySQLi\Connection->connect(false)
#1 D:\KULIAH\Semester 7\Gesid\newgesid\system\Database\BaseConnection.php(620): CodeIgniter\Database\BaseConnection->initialize()
#2 D:\KULIAH\Semester 7\Gesid\newgesid\system\Database\BaseBuilder.php(1649): CodeIgniter\Database\BaseConnection->query('SELECT *\nFROM `...', Array, false)
#3 D:\KULIAH\Semester 7\Gesid\newgesid\system\Model.php(286): CodeIgniter\Database\BaseBuilder->get()
#4 D:\KULIAH\Semester 7\Gesid\newgesid\system\BaseModel.php(679): CodeIgniter\Model->doFindAll(0, 0)
#5 D:\KULIAH\Semester 7\Gesid\newgesid\app\Controllers\Home.php(25): CodeIgniter\BaseModel->findAll()
#6 D:\KULIAH\Semester 7\Gesid\newgesid\system\CodeIgniter.php(933): App\Controllers\Home->index()
#7 D:\KULIAH\Semester 7\Gesid\newgesid\system\CodeIgniter.php(507): CodeIgniter\CodeIgniter->runController(Object(App\Controllers\Home))
#8 D:\KULIAH\Semester 7\Gesid\newgesid\system\CodeIgniter.php(354): CodeIgniter\CodeIgniter->handleRequest(NULL, Object(Config\Cache), false)
#9 D:\KULIAH\Semester 7\Gesid\newgesid\system\Boot.php(334): CodeIgniter\CodeIgniter->run()
#10 D:\KULIAH\Semester 7\Gesid\newgesid\system\Boot.php(67): CodeIgniter\Boot::runCodeIgniter(Object(CodeIgniter\CodeIgniter))
#11 D:\KULIAH\Semester 7\Gesid\newgesid\public\index.php(59): CodeIgniter\Boot::bootWeb(Object(Config\Paths))
#12 D:\KULIAH\Semester 7\Gesid\newgesid\system\rewrite.php(44): require_once('D:\\KULIAH\\Semes...')
#13 {main}
CRITICAL - 2025-10-13 13:59:32 --> CodeIgniter\Database\Exceptions\DatabaseException: Unable to connect to the database.
Main connection [MySQLi]: Unknown database 'k9170490_db_gesid'
[Method: GET, Route: /]
in SYSTEMPATH\Database\BaseConnection.php on line 467.
 1 SYSTEMPATH\Database\BaseConnection.php(620): CodeIgniter\Database\BaseConnection->initialize()
 2 SYSTEMPATH\Database\BaseBuilder.php(1649): CodeIgniter\Database\BaseConnection->query('SELECT *
FROM `tb_artikel`
ORDER BY `tanggal_publikasi` DESC
 LIMIT 4', [], false)
 3 SYSTEMPATH\Model.php(286): CodeIgniter\Database\BaseBuilder->get()
 4 SYSTEMPATH\BaseModel.php(679): CodeIgniter\Model->doFindAll(0, 0)
 5 APPPATH\Controllers\Home.php(25): CodeIgniter\BaseModel->findAll()
 6 SYSTEMPATH\CodeIgniter.php(933): App\Controllers\Home->index()
 7 SYSTEMPATH\CodeIgniter.php(507): CodeIgniter\CodeIgniter->runController(Object(App\Controllers\Home))
 8 SYSTEMPATH\CodeIgniter.php(354): CodeIgniter\CodeIgniter->handleRequest(null, Object(Config\Cache), false)
 9 SYSTEMPATH\Boot.php(334): CodeIgniter\CodeIgniter->run()
10 SYSTEMPATH\Boot.php(67): CodeIgniter\Boot::runCodeIgniter(Object(CodeIgniter\CodeIgniter))
11 FCPATH\index.php(59): CodeIgniter\Boot::bootWeb(Object(Config\Paths))
12 SYSTEMPATH\rewrite.php(44): require_once('D:\\KULIAH\\Semester 7\\Gesid\\newgesid\\public\\index.php')
DEBUG - 2025-10-13 14:02:14 --> Session: Class initialized using 'CodeIgniter\Session\Handlers\FileHandler' driver.
DEBUG - 2025-10-13 14:02:49 --> Session: Class initialized using 'CodeIgniter\Session\Handlers\FileHandler' driver.
DEBUG - 2025-10-13 14:02:50 --> Session: Class initialized using 'CodeIgniter\Session\Handlers\FileHandler' driver.
DEBUG - 2025-10-13 14:02:58 --> Session: Class initialized using 'CodeIgniter\Session\Handlers\FileHandler' driver.
DEBUG - 2025-10-13 14:03:07 --> Session: Class initialized using 'CodeIgniter\Session\Handlers\FileHandler' driver.
DEBUG - 2025-10-13 14:03:08 --> Session: Class initialized using 'CodeIgniter\Session\Handlers\FileHandler' driver.
DEBUG - 2025-10-13 14:03:20 --> Session: Class initialized using 'CodeIgniter\Session\Handlers\FileHandler' driver.
DEBUG - 2025-10-13 14:03:20 --> Session: Class initialized using 'CodeIgniter\Session\Handlers\FileHandler' driver.
DEBUG - 2025-10-13 14:04:09 --> Session: Class initialized using 'CodeIgniter\Session\Handlers\FileHandler' driver.
DEBUG - 2025-10-13 14:04:10 --> Session: Class initialized using 'CodeIgniter\Session\Handlers\FileHandler' driver.
DEBUG - 2025-10-13 14:05:27 --> Session: Class initialized using 'CodeIgniter\Session\Handlers\FileHandler' driver.
DEBUG - 2025-10-13 14:05:27 --> Session: Class initialized using 'CodeIgniter\Session\Handlers\FileHandler' driver.
DEBUG - 2025-10-13 14:05:43 --> Session: Class initialized using 'CodeIgniter\Session\Handlers\FileHandler' driver.
DEBUG - 2025-10-13 14:06:29 --> Session: Class initialized using 'CodeIgniter\Session\Handlers\FileHandler' driver.
DEBUG - 2025-10-13 14:06:30 --> Session: Class initialized using 'CodeIgniter\Session\Handlers\FileHandler' driver.
DEBUG - 2025-10-13 14:06:33 --> Session: Class initialized using 'CodeIgniter\Session\Handlers\FileHandler' driver.
DEBUG - 2025-10-13 14:06:42 --> Session: Class initialized using 'CodeIgniter\Session\Handlers\FileHandler' driver.
DEBUG - 2025-10-13 14:06:42 --> Session: Class initialized using 'CodeIgniter\Session\Handlers\FileHandler' driver.
DEBUG - 2025-10-13 14:06:56 --> Session: Class initialized using 'CodeIgniter\Session\Handlers\FileHandler' driver.
DEBUG - 2025-10-13 14:07:05 --> Session: Class initialized using 'CodeIgniter\Session\Handlers\FileHandler' driver.
DEBUG - 2025-10-13 14:07:05 --> Session: Class initialized using 'CodeIgniter\Session\Handlers\FileHandler' driver.
DEBUG - 2025-10-13 14:08:11 --> Session: Class initialized using 'CodeIgniter\Session\Handlers\FileHandler' driver.
DEBUG - 2025-10-13 14:08:14 --> Session: Class initialized using 'CodeIgniter\Session\Handlers\FileHandler' driver.
DEBUG - 2025-10-13 14:08:25 --> Session: Class initialized using 'CodeIgniter\Session\Handlers\FileHandler' driver.
DEBUG - 2025-10-13 14:08:40 --> Session: Class initialized using 'CodeIgniter\Session\Handlers\FileHandler' driver.
